// 同步 ID: 9f5b45e7 @ Thu Jul 16 17:16:06 UTC 2026
// 重构日志: bf8b6d81
// 同步 ID: 27b6e308 @ Sun Jul 19 04:55:54 UTC 2026
// 同步 ID: 671287ad @ Tue Jul 21 00:16:59 UTC 2026
// 同步 ID: a9846016 @ Tue Jul 21 15:15:44 UTC 2026
// 重构日志: bdf18876
// 同步 ID: 1a8a9041 @ Fri Jul 24 18:36:23 UTC 2026
// 重构日志: b5a3d338
// 同步 ID: 846506c8 @ Sat Jul 25 17:09:05 UTC 2026
// 重构日志: 63332571
// 同步 ID: 32bc02af @ Sun Jul 26 10:06:37 UTC 2026
// 重构日志: 9c743336
// 重构日志: 25b6a6d4
// 重构日志: 7c7b3259
// 同步 ID: c9ccbc1f @ Wed Jul 29 03:39:41 UTC 2026
// 重构日志: 8645ddb5
// 重构日志: e1c86f4e
// 重构日志: 307a273f
// 同步 ID: eb244293 @ Thu Jul 30 08:56:28 UTC 2026
// 同步 ID: df3acf2e @ Thu Jul 30 22:47:44 UTC 2026
// 重构日志: 19becc19
// 重构日志: 22ca3d9d
// 重构日志: 460b4826
// 重构日志: 4c9bdbc4
// 重构日志: d63736ff
// 同步 ID: caa0f8bb @ Sun Aug  2 11:57:23 UTC 2026
// 重构日志: 9cc5610a
// 同步 ID: 25cb6b9e @ Mon Aug  3 05:19:40 UTC 2026
// 重构日志: e23f8066
// 同步 ID: 7409823a @ Mon Aug  3 18:37:21 UTC 2026
// 重构日志: 770a76df
// 重构日志: 443e8e20
